RAM Allocation
Variable                                                          Address   Size
--------------------------------------------------------------------------------
rx_buffer0                                                        0x07B5      17
cli                                                               0x07C6       6
cmd_tbl                                                           0x07CC      24
LedCtrl                                                           0x07E4       2
vertical                                                          0x07E6       8
english                                                           0x07EE     224
Toggle                                                            0x08CE       2
num_cnt                                                           0x08D0       2
DispChar                                                          0x08D2       1
num_cnt1                                                          0x08D3       2
num_cnt2                                                          0x08D5       2
buf                                                               0x08D7     128
buf_ptr                                                           0x0957       2
cmd_buf                                                           0x0959     128
cli_prompt                                                        0x09D9       4
cli_unrecog                                                       0x09DD       2
Num                                                               0x09DF      11
p_S1010026000                                                     0x09EA       2
_seed                                                             0x09EC       4

EEPROM Allocation
Variable                                                          Address   Size
--------------------------------------------------------------------------------

Register Allocation
Variable                                                          Register  Size
--------------------------------------------------------------------------------
rx_buffer_overflow0                                               R2.0      1bit
cmd_enter                                                         R2.1      1bit
con                                                               R5           1
FndCnt                                                            R6,R7        2
